2026-05-29 01:12:24,824 [INFO] [Step 1/3] 检查网站可访问性和SSL证书...
2026-05-29 01:12:25,819 [INFO] [Step 2/3] 检查内容质量...
2026-05-29 01:12:25,878 [INFO] [Step 3/3] 生成巡检报告...
2026-05-29 01:12:25,878 [INFO] 报告已生成: E:\AI\dulizhan\travel-blog\reports\01 每日巡检报告\BoundTravel巡检报告_2026-05-29.md
2026-05-29 01:13:02,879 [INFO] [Step 1/3] 检查网站可访问性和SSL证书...
2026-05-29 01:13:03,832 [INFO] [Step 2/3] 检查内容质量...
2026-05-29 01:13:03,886 [INFO] [Step 3/3] 生成巡检报告...
2026-05-29 01:13:03,886 [INFO] 报告已生成: E:\AI\dulizhan\travel-blog\reports\01 每日巡检报告\BoundTravel巡检报告_2026-05-29.md
2026-05-29 01:14:03,853 [INFO] [Step 1/3] 检查网站可访问性和SSL证书...
2026-05-29 01:14:04,789 [INFO] [Step 2/3] 检查内容质量...
2026-05-29 01:14:04,840 [INFO] [Step 3/3] 生成巡检报告...
2026-05-29 01:14:04,841 [INFO] 报告已生成: E:\AI\dulizhan\travel-blog\reports\01 每日巡检报告\BoundTravel巡检报告_2026-05-29.md
2026-05-29 01:44:45,787 [INFO] [Step 1/3] 检查网站可访问性和SSL证书...
2026-05-29 01:44:47,031 [INFO] [Step 2/3] 检查内容质量...
2026-05-29 01:44:47,462 [INFO] [Step 3/3] 生成巡检报告...
2026-05-29 01:44:47,483 [INFO] 报告已生成: E:\AI\dulizhan\travel-blog\reports\01 每日巡检报告\BoundTravel巡检报告_2026-05-29.md
2026-05-29 02:02:45,473 [INFO] [Step 1/3] 检查网站可访问性和SSL证书...
2026-05-29 02:02:46,614 [INFO] [Step 2/3] 检查内容质量...
2026-05-29 02:02:46,687 [INFO] [Step 3/3] 生成巡检报告...
2026-05-29 02:02:46,689 [INFO] 报告已生成: E:\AI\dulizhan\travel-blog\reports\01 每日巡检报告\BoundTravel巡检报告_2026-05-29.md
2026-05-29 09:10:35,766 [INFO] [Step 1/3] 检查网站可访问性和SSL证书...
2026-05-29 09:10:37,136 [INFO] [Step 2/3] 检查内容质量...
2026-05-29 09:10:37,475 [INFO] [Step 3/3] 生成巡检报告...
2026-05-29 09:10:37,482 [INFO] 报告已生成: E:\AI\dulizhan\travel-blog\reports\01 每日巡检报告\BoundTravel巡检报告_2026-05-29.md
2026-05-29 09:43:40,273 [INFO] [Step 1/5] 检查网站可访问性和SSL证书...
2026-05-29 09:43:45,435 [INFO] [Step 2/5] 【最高优先级】乱码专项检查...
2026-05-29 09:43:48,153 [INFO] [Step 3/5] 检查博客内容...
2026-05-29 09:43:48,155 [INFO] [Step 4/5] 检查Front Matter完整性...
2026-05-29 09:43:48,258 [INFO] [Step 5/5] 生成巡检报告...
2026-05-29 09:43:48,260 [INFO] 报告已生成: E:\AI\dulizhan\travel-blog\reports\01 每日巡检报告\BoundTravel巡检报告_2026-05-29.md
