2026-05-29 00:52:49,787 [INFO] ============================================================
2026-05-29 00:52:49,787 [INFO] ChinaBound Travel 每日巡检系统 v2.0
2026-05-29 00:52:49,787 [INFO] ============================================================
2026-05-29 00:52:49,788 [INFO] 开始编码检查...
2026-05-29 00:52:49,805 [WARNING] 发现问题: 2026-05-22-how-to-use-wechat-pay-as-a-foreigner.md
2026-05-29 00:52:49,814 [WARNING] 发现问题: 144-hour-visa-free-transit-guide.md
2026-05-29 00:52:49,822 [WARNING] 发现问题: 2026-05-20-dude-wheres-my-panda-a-beijing-guys-guide-to-the-c.md
2026-05-29 00:52:49,831 [WARNING] 发现问题: 2026-05-22-how-to-use-wechat-pay-as-a-foreigner.md
2026-05-29 00:52:49,838 [WARNING] 发现问题: alipay-wechat-pay-foreigners-guide.md
2026-05-29 00:52:49,864 [WARNING] 发现问题: internet-connection-china-esim-vpn-guide.md
2026-05-29 00:52:49,873 [INFO] 已修复: 2026-05-22-how-to-use-wechat-pay-as-a-foreigner.md
2026-05-29 00:52:49,874 [INFO] 已修复: 144-hour-visa-free-transit-guide.md
2026-05-29 00:52:49,876 [INFO] 已修复: 2026-05-20-dude-wheres-my-panda-a-beijing-guys-guide-to-the-c.md
2026-05-29 00:52:49,876 [INFO] 已修复: 2026-05-22-how-to-use-wechat-pay-as-a-foreigner.md
2026-05-29 00:52:49,877 [INFO] 已修复: alipay-wechat-pay-foreigners-guide.md
2026-05-29 00:52:49,878 [INFO] 已修复: internet-connection-china-esim-vpn-guide.md
2026-05-29 00:52:49,878 [INFO] 开始编码检查...
2026-05-29 00:52:49,965 [INFO] 开始内容合规性检查...
2026-05-29 00:52:50,606 [INFO] 报告已生成: E:\AI\dulizhan\travel-blog\reports\01 每日巡检报告\每日巡检报告_2026-05-29.md
2026-05-29 00:59:12,832 [INFO] ============================================================
2026-05-29 00:59:12,832 [INFO] ChinaBound Travel 每日巡检系统 v2.0
2026-05-29 00:59:12,832 [INFO] ============================================================
2026-05-29 00:59:12,832 [INFO] 开始编码检查...
2026-05-29 00:59:12,846 [INFO] 开始编码检查...
2026-05-29 00:59:12,856 [INFO] 开始内容合规性检查...
2026-05-29 00:59:13,427 [INFO] 报告已生成: E:\AI\dulizhan\travel-blog\reports\01 每日巡检报告\每日巡检报告_2026-05-29.md
